// Vitest Snapshot v1

exports[`index entry > query string is empty 1`] = `
{
  "items": [
    {
      "arg": "[Emm]",
      "icon": {
        "path": "./icons/Emm.png",
      },
      "mods": {
        "ctrl": {
          "arg": "[Emm]",
          "subtitle": "复制“[Emm]”到剪切板中",
        },
      },
      "subtitle": "粘贴“[Emm]”到当前应用中",
      "title": "Emm",
      "uid": "Emm",
    },
    {
      "arg": "[OK]",
      "icon": {
        "path": "./icons/OK.png",
      },
      "mods": {
        "ctrl": {
          "arg": "[OK]",
          "subtitle": "复制“[OK]”到剪切板中",
        },
      },
      "subtitle": "粘贴“[OK]”到当前应用中",
      "title": "OK",
      "uid": "OK",
    },
    {
      "arg": "[亲亲]",
      "icon": {
        "path": "./icons/亲亲-qq.png",
      },
      "mods": {
        "ctrl": {
          "arg": "[亲亲]",
          "subtitle": "复制“[亲亲]”到剪切板中",
        },
      },
      "subtitle": "粘贴“[亲亲]”到当前应用中",
      "title": "亲亲",
      "uid": "亲亲",
    },
    {
      "arg": "[便便]",
      "icon": {
        "path": "./icons/便便-bb.png",
      },
      "mods": {
        "ctrl": {
          "arg": "[便便]",
          "subtitle": "复制“[便便]”到剪切板中",
        },
      },
      "subtitle": "粘贴“[便便]”到当前应用中",
      "title": "便便",
      "uid": "便便",
    },
    {
      "arg": "[偷笑]",
      "icon": {
        "path": "./icons/偷笑-tx.png",
      },
      "mods": {
        "ctrl": {
          "arg": "[偷笑]",
          "subtitle": "复制“[偷笑]”到剪切板中",
        },
      },
      "subtitle": "粘贴“[偷笑]”到当前应用中",
      "title": "偷笑",
      "uid": "偷笑",
    },
    {
      "arg": "[傲慢]",
      "icon": {
        "path": "./icons/傲慢-am.png",
      },
      "mods": {
        "ctrl": {
          "arg": "[傲慢]",
          "subtitle": "复制“[傲慢]”到剪切板中",
        },
      },
      "subtitle": "粘贴“[傲慢]”到当前应用中",
      "title": "傲慢",
      "uid": "傲慢",
    },
    {
      "arg": "[再见]",
      "icon": {
        "path": "./icons/再见-zj.png",
      },
      "mods": {
        "ctrl": {
          "arg": "[再见]",
          "subtitle": "复制“[再见]”到剪切板中",
        },
      },
      "subtitle": "粘贴“[再见]”到当前应用中",
      "title": "再见",
      "uid": "再见",
    },
    {
      "arg": "[凋谢]",
      "icon": {
        "path": "./icons/凋谢-dx.png",
      },
      "mods": {
        "ctrl": {
          "arg": "[凋谢]",
          "subtitle": "复制“[凋谢]”到剪切板中",
        },
      },
      "subtitle": "粘贴“[凋谢]”到当前应用中",
      "title": "凋谢",
      "uid": "凋谢",
    },
    {
      "arg": "[加油]",
      "icon": {
        "path": "./icons/加油-jy.png",
      },
      "mods": {
        "ctrl": {
          "arg": "[加油]",
          "subtitle": "复制“[加油]”到剪切板中",
        },
      },
      "subtitle": "粘贴“[加油]”到当前应用中",
      "title": "加油",
      "uid": "加油",
    },
    {
      "arg": "[勾引]",
      "icon": {
        "path": "./icons/勾引-gy.png",
      },
      "mods": {
        "ctrl": {
          "arg": "[勾引]",
          "subtitle": "复制“[勾引]”到剪切板中",
        },
      },
      "subtitle": "粘贴“[勾引]”到当前应用中",
      "title": "勾引",
      "uid": "勾引",
    },
    {
      "arg": "[发呆]",
      "icon": {
        "path": "./icons/发呆-fd.png",
      },
      "mods": {
        "ctrl": {
          "arg": "[发呆]",
          "subtitle": "复制“[发呆]”到剪切板中",
        },
      },
      "subtitle": "粘贴“[发呆]”到当前应用中",
      "title": "发呆",
      "uid": "发呆",
    },
    {
      "arg": "[发怒]",
      "icon": {
        "path": "./icons/发怒-fn.png",
      },
      "mods": {
        "ctrl": {
          "arg": "[发怒]",
          "subtitle": "复制“[发怒]”到剪切板中",
        },
      },
      "subtitle": "粘贴“[发怒]”到当前应用中",
      "title": "发怒",
      "uid": "发怒",
    },
    {
      "arg": "[发抖]",
      "icon": {
        "path": "./icons/发抖-fd.png",
      },
      "mods": {
        "ctrl": {
          "arg": "[发抖]",
          "subtitle": "复制“[发抖]”到剪切板中",
        },
      },
      "subtitle": "粘贴“[发抖]”到当前应用中",
      "title": "发抖",
      "uid": "发抖",
    },
    {
      "arg": "[可怜]",
      "icon": {
        "path": "./icons/可怜-kl.png",
      },
      "mods": {
        "ctrl": {
          "arg": "[可怜]",
          "subtitle": "复制“[可怜]”到剪切板中",
        },
      },
      "subtitle": "粘贴“[可怜]”到当前应用中",
      "title": "可怜",
      "uid": "可怜",
    },
    {
      "arg": "[右哼哼]",
      "icon": {
        "path": "./icons/右哼哼-yhh.png",
      },
      "mods": {
        "ctrl": {
          "arg": "[右哼哼]",
          "subtitle": "复制“[右哼哼]”到剪切板中",
        },
      },
      "subtitle": "粘贴“[右哼哼]”到当前应用中",
      "title": "右哼哼",
      "uid": "右哼哼",
    },
    {
      "arg": "[吃瓜]",
      "icon": {
        "path": "./icons/吃瓜-cg.png",
      },
      "mods": {
        "ctrl": {
          "arg": "[吃瓜]",
          "subtitle": "复制“[吃瓜]”到剪切板中",
        },
      },
      "subtitle": "粘贴“[吃瓜]”到当前应用中",
      "title": "吃瓜",
      "uid": "吃瓜",
    },
    {
      "arg": "[吐]",
      "icon": {
        "path": "./icons/吐-tu.png",
      },
      "mods": {
        "ctrl": {
          "arg": "[吐]",
          "subtitle": "复制“[吐]”到剪切板中",
        },
      },
      "subtitle": "粘贴“[吐]”到当前应用中",
      "title": "吐",
      "uid": "吐",
    },
    {
      "arg": "[呲牙]",
      "icon": {
        "path": "./icons/呲牙-zy.png",
      },
      "mods": {
        "ctrl": {
          "arg": "[呲牙]",
          "subtitle": "复制“[呲牙]”到剪切板中",
        },
      },
      "subtitle": "粘贴“[呲牙]”到当前应用中",
      "title": "呲牙",
      "uid": "呲牙",
    },
    {
      "arg": "[咒骂]",
      "icon": {
        "path": "./icons/咒骂-zm.png",
      },
      "mods": {
        "ctrl": {
          "arg": "[咒骂]",
          "subtitle": "复制“[咒骂]”到剪切板中",
        },
      },
      "subtitle": "粘贴“[咒骂]”到当前应用中",
      "title": "咒骂",
      "uid": "咒骂",
    },
    {
      "arg": "[咖啡]",
      "icon": {
        "path": "./icons/咖啡-kf.png",
      },
      "mods": {
        "ctrl": {
          "arg": "[咖啡]",
          "subtitle": "复制“[咖啡]”到剪切板中",
        },
      },
      "subtitle": "粘贴“[咖啡]”到当前应用中",
      "title": "咖啡",
      "uid": "咖啡",
    },
    {
      "arg": "[哇]",
      "icon": {
        "path": "./icons/哇-wa.png",
      },
      "mods": {
        "ctrl": {
          "arg": "[哇]",
          "subtitle": "复制“[哇]”到剪切板中",
        },
      },
      "subtitle": "粘贴“[哇]”到当前应用中",
      "title": "哇",
      "uid": "哇",
    },
    {
      "arg": "[啤酒]",
      "icon": {
        "path": "./icons/啤酒-pj.png",
      },
      "mods": {
        "ctrl": {
          "arg": "[啤酒]",
          "subtitle": "复制“[啤酒]”到剪切板中",
        },
      },
      "subtitle": "粘贴“[啤酒]”到当前应用中",
      "title": "啤酒",
      "uid": "啤酒",
    },
    {
      "arg": "[嘘]",
      "icon": {
        "path": "./icons/嘘-xu.png",
      },
      "mods": {
        "ctrl": {
          "arg": "[嘘]",
          "subtitle": "复制“[嘘]”到剪切板中",
        },
      },
      "subtitle": "粘贴“[嘘]”到当前应用中",
      "title": "嘘",
      "uid": "嘘",
    },
    {
      "arg": "[嘴唇]",
      "icon": {
        "path": "./icons/嘴唇-zc.png",
      },
      "mods": {
        "ctrl": {
          "arg": "[嘴唇]",
          "subtitle": "复制“[嘴唇]”到剪切板中",
        },
      },
      "subtitle": "粘贴“[嘴唇]”到当前应用中",
      "title": "嘴唇",
      "uid": "嘴唇",
    },
    {
      "arg": "[嘿哈]",
      "icon": {
        "path": "./icons/嘿哈-hh.png",
      },
      "mods": {
        "ctrl": {
          "arg": "[嘿哈]",
          "subtitle": "复制“[嘿哈]”到剪切板中",
        },
      },
      "subtitle": "粘贴“[嘿哈]”到当前应用中",
      "title": "嘿哈",
      "uid": "嘿哈",
    },
    {
      "arg": "[囧]",
      "icon": {
        "path": "./icons/囧-jiong.png",
      },
      "mods": {
        "ctrl": {
          "arg": "[囧]",
          "subtitle": "复制“[囧]”到剪切板中",
        },
      },
      "subtitle": "粘贴“[囧]”到当前应用中",
      "title": "囧",
      "uid": "囧",
    },
    {
      "arg": "[困]",
      "icon": {
        "path": "./icons/困-kun.png",
      },
      "mods": {
        "ctrl": {
          "arg": "[困]",
          "subtitle": "复制“[困]”到剪切板中",
        },
      },
      "subtitle": "粘贴“[困]”到当前应用中",
      "title": "困",
      "uid": "困",
    },
    {
      "arg": "[坏笑]",
      "icon": {
        "path": "./icons/坏笑-hx.png",
      },
      "mods": {
        "ctrl": {
          "arg": "[坏笑]",
          "subtitle": "复制“[坏笑]”到剪切板中",
        },
      },
      "subtitle": "粘贴“[坏笑]”到当前应用中",
      "title": "坏笑",
      "uid": "坏笑",
    },
    {
      "arg": "[大哭]",
      "icon": {
        "path": "./icons/大哭-dk.png",
      },
      "mods": {
        "ctrl": {
          "arg": "[大哭]",
          "subtitle": "复制“[大哭]”到剪切板中",
        },
      },
      "subtitle": "粘贴“[大哭]”到当前应用中",
      "title": "大哭",
      "uid": "大哭",
    },
    {
      "arg": "[天啊]",
      "icon": {
        "path": "./icons/天啊-ta.png",
      },
      "mods": {
        "ctrl": {
          "arg": "[天啊]",
          "subtitle": "复制“[天啊]”到剪切板中",
        },
      },
      "subtitle": "粘贴“[天啊]”到当前应用中",
      "title": "天啊",
      "uid": "天啊",
    },
    {
      "arg": "[太阳]",
      "icon": {
        "path": "./icons/太阳-ty.png",
      },
      "mods": {
        "ctrl": {
          "arg": "[太阳]",
          "subtitle": "复制“[太阳]”到剪切板中",
        },
      },
      "subtitle": "粘贴“[太阳]”到当前应用中",
      "title": "太阳",
      "uid": "太阳",
    },
    {
      "arg": "[奸笑]",
      "icon": {
        "path": "./icons/奸笑-jx.png",
      },
      "mods": {
        "ctrl": {
          "arg": "[奸笑]",
          "subtitle": "复制“[奸笑]”到剪切板中",
        },
      },
      "subtitle": "粘贴“[奸笑]”到当前应用中",
      "title": "奸笑",
      "uid": "奸笑",
    },
    {
      "arg": "[好的]",
      "icon": {
        "path": "./icons/好的-hd.png",
      },
      "mods": {
        "ctrl": {
          "arg": "[好的]",
          "subtitle": "复制“[好的]”到剪切板中",
        },
      },
      "subtitle": "粘贴“[好的]”到当前应用中",
      "title": "好的",
      "uid": "好的",
    },
    {
      "arg": "[委屈]",
      "icon": {
        "path": "./icons/委屈-wq.png",
      },
      "mods": {
        "ctrl": {
          "arg": "[委屈]",
          "subtitle": "复制“[委屈]”到剪切板中",
        },
      },
      "subtitle": "粘贴“[委屈]”到当前应用中",
      "title": "委屈",
      "uid": "委屈",
    },
    {
      "arg": "[害羞]",
      "icon": {
        "path": "./icons/害羞-hx.png",
      },
      "mods": {
        "ctrl": {
          "arg": "[害羞]",
          "subtitle": "复制“[害羞]”到剪切板中",
        },
      },
      "subtitle": "粘贴“[害羞]”到当前应用中",
      "title": "害羞",
      "uid": "害羞",
    },
    {
      "arg": "[尴尬]",
      "icon": {
        "path": "./icons/尴尬-gg.png",
      },
      "mods": {
        "ctrl": {
          "arg": "[尴尬]",
          "subtitle": "复制“[尴尬]”到剪切板中",
        },
      },
      "subtitle": "粘贴“[尴尬]”到当前应用中",
      "title": "尴尬",
      "uid": "尴尬",
    },
    {
      "arg": "[弱]",
      "icon": {
        "path": "./icons/弱-ruo.png",
      },
      "mods": {
        "ctrl": {
          "arg": "[弱]",
          "subtitle": "复制“[弱]”到剪切板中",
        },
      },
      "subtitle": "粘贴“[弱]”到当前应用中",
      "title": "弱",
      "uid": "弱",
    },
    {
      "arg": "[强]",
      "icon": {
        "path": "./icons/强-qiang.png",
      },
      "mods": {
        "ctrl": {
          "arg": "[强]",
          "subtitle": "复制“[强]”到剪切板中",
        },
      },
      "subtitle": "粘贴“[强]”到当前应用中",
      "title": "强",
      "uid": "强",
    },
    {
      "arg": "[得意]",
      "icon": {
        "path": "./icons/得意-dy.png",
      },
      "mods": {
        "ctrl": {
          "arg": "[得意]",
          "subtitle": "复制“[得意]”到剪切板中",
        },
      },
      "subtitle": "粘贴“[得意]”到当前应用中",
      "title": "得意",
      "uid": "得意",
    },
    {
      "arg": "[微笑]",
      "icon": {
        "path": "./icons/微笑-wx.png",
      },
      "mods": {
        "ctrl": {
          "arg": "[微笑]",
          "subtitle": "复制“[微笑]”到剪切板中",
        },
      },
      "subtitle": "粘贴“[微笑]”到当前应用中",
      "title": "微笑",
      "uid": "微笑",
    },
    {
      "arg": "[心碎]",
      "icon": {
        "path": "./icons/心碎-xs.png",
      },
      "mods": {
        "ctrl": {
          "arg": "[心碎]",
          "subtitle": "复制“[心碎]”到剪切板中",
        },
      },
      "subtitle": "粘贴“[心碎]”到当前应用中",
      "title": "心碎",
      "uid": "心碎",
    },
    {
      "arg": "[快哭了]",
      "icon": {
        "path": "./icons/快哭了-kkl.png",
      },
      "mods": {
        "ctrl": {
          "arg": "[快哭了]",
          "subtitle": "复制“[快哭了]”到剪切板中",
        },
      },
      "subtitle": "粘贴“[快哭了]”到当前应用中",
      "title": "快哭了",
      "uid": "快哭了",
    },
    {
      "arg": "[悠闲]",
      "icon": {
        "path": "./icons/悠闲-yx.png",
      },
      "mods": {
        "ctrl": {
          "arg": "[悠闲]",
          "subtitle": "复制“[悠闲]”到剪切板中",
        },
      },
      "subtitle": "粘贴“[悠闲]”到当前应用中",
      "title": "悠闲",
      "uid": "悠闲",
    },
    {
      "arg": "[惊恐]",
      "icon": {
        "path": "./icons/惊恐-jk.png",
      },
      "mods": {
        "ctrl": {
          "arg": "[惊恐]",
          "subtitle": "复制“[惊恐]”到剪切板中",
        },
      },
      "subtitle": "粘贴“[惊恐]”到当前应用中",
      "title": "惊恐",
      "uid": "惊恐",
    },
    {
      "arg": "[惊讶]",
      "icon": {
        "path": "./icons/惊讶-jy.png",
      },
      "mods": {
        "ctrl": {
          "arg": "[惊讶]",
          "subtitle": "复制“[惊讶]”到剪切板中",
        },
      },
      "subtitle": "粘贴“[惊讶]”到当前应用中",
      "title": "惊讶",
      "uid": "惊讶",
    },
    {
      "arg": "[愉快]",
      "icon": {
        "path": "./icons/愉快-yk.png",
      },
      "mods": {
        "ctrl": {
          "arg": "[愉快]",
          "subtitle": "复制“[愉快]”到剪切板中",
        },
      },
      "subtitle": "粘贴“[愉快]”到当前应用中",
      "title": "愉快",
      "uid": "愉快",
    },
    {
      "arg": "[憨笑]",
      "icon": {
        "path": "./icons/憨笑-hx.png",
      },
      "mods": {
        "ctrl": {
          "arg": "[憨笑]",
          "subtitle": "复制“[憨笑]”到剪切板中",
        },
      },
      "subtitle": "粘贴“[憨笑]”到当前应用中",
      "title": "憨笑",
      "uid": "憨笑",
    },
    {
      "arg": "[打脸]",
      "icon": {
        "path": "./icons/打脸-dl.png",
      },
      "mods": {
        "ctrl": {
          "arg": "[打脸]",
          "subtitle": "复制“[打脸]”到剪切板中",
        },
      },
      "subtitle": "粘贴“[打脸]”到当前应用中",
      "title": "打脸",
      "uid": "打脸",
    },
    {
      "arg": "[抓狂]",
      "icon": {
        "path": "./icons/抓狂-zk.png",
      },
      "mods": {
        "ctrl": {
          "arg": "[抓狂]",
          "subtitle": "复制“[抓狂]”到剪切板中",
        },
      },
      "subtitle": "粘贴“[抓狂]”到当前应用中",
      "title": "抓狂",
      "uid": "抓狂",
    },
    {
      "arg": "[抠鼻]",
      "icon": {
        "path": "./icons/抠鼻-kb.png",
      },
      "mods": {
        "ctrl": {
          "arg": "[抠鼻]",
          "subtitle": "复制“[抠鼻]”到剪切板中",
        },
      },
      "subtitle": "粘贴“[抠鼻]”到当前应用中",
      "title": "抠鼻",
      "uid": "抠鼻",
    },
    {
      "arg": "[抱拳]",
      "icon": {
        "path": "./icons/抱拳-bq.png",
      },
      "mods": {
        "ctrl": {
          "arg": "[抱拳]",
          "subtitle": "复制“[抱拳]”到剪切板中",
        },
      },
      "subtitle": "粘贴“[抱拳]”到当前应用中",
      "title": "抱拳",
      "uid": "抱拳",
    },
    {
      "arg": "[拥抱]",
      "icon": {
        "path": "./icons/拥抱-yb.png",
      },
      "mods": {
        "ctrl": {
          "arg": "[拥抱]",
          "subtitle": "复制“[拥抱]”到剪切板中",
        },
      },
      "subtitle": "粘贴“[拥抱]”到当前应用中",
      "title": "拥抱",
      "uid": "拥抱",
    },
    {
      "arg": "[拳头]",
      "icon": {
        "path": "./icons/拳头-qt.png",
      },
      "mods": {
        "ctrl": {
          "arg": "[拳头]",
          "subtitle": "复制“[拳头]”到剪切板中",
        },
      },
      "subtitle": "粘贴“[拳头]”到当前应用中",
      "title": "拳头",
      "uid": "拳头",
    },
    {
      "arg": "[捂脸]",
      "icon": {
        "path": "./icons/捂脸-wl.png",
      },
      "mods": {
        "ctrl": {
          "arg": "[捂脸]",
          "subtitle": "复制“[捂脸]”到剪切板中",
        },
      },
      "subtitle": "粘贴“[捂脸]”到当前应用中",
      "title": "捂脸",
      "uid": "捂脸",
    },
    {
      "arg": "[握手]",
      "icon": {
        "path": "./icons/握手-ws.png",
      },
      "mods": {
        "ctrl": {
          "arg": "[握手]",
          "subtitle": "复制“[握手]”到剪切板中",
        },
      },
      "subtitle": "粘贴“[握手]”到当前应用中",
      "title": "握手",
      "uid": "握手",
    },
    {
      "arg": "[撇嘴]",
      "icon": {
        "path": "./icons/撇嘴-pz.png",
      },
      "mods": {
        "ctrl": {
          "arg": "[撇嘴]",
          "subtitle": "复制“[撇嘴]”到剪切板中",
        },
      },
      "subtitle": "粘贴“[撇嘴]”到当前应用中",
      "title": "撇嘴",
      "uid": "撇嘴",
    },
    {
      "arg": "[擦汗]",
      "icon": {
        "path": "./icons/擦汗-ch.png",
      },
      "mods": {
        "ctrl": {
          "arg": "[擦汗]",
          "subtitle": "复制“[擦汗]”到剪切板中",
        },
      },
      "subtitle": "粘贴“[擦汗]”到当前应用中",
      "title": "擦汗",
      "uid": "擦汗",
    },
    {
      "arg": "[敲打]",
      "icon": {
        "path": "./icons/敲打-qd.png",
      },
      "mods": {
        "ctrl": {
          "arg": "[敲打]",
          "subtitle": "复制“[敲打]”到剪切板中",
        },
      },
      "subtitle": "粘贴“[敲打]”到当前应用中",
      "title": "敲打",
      "uid": "敲打",
    },
    {
      "arg": "[旺柴]",
      "icon": {
        "path": "./icons/旺柴-wc.png",
      },
      "mods": {
        "ctrl": {
          "arg": "[旺柴]",
          "subtitle": "复制“[旺柴]”到剪切板中",
        },
      },
      "subtitle": "粘贴“[旺柴]”到当前应用中",
      "title": "旺柴",
      "uid": "旺柴",
    },
    {
      "arg": "[晕]",
      "icon": {
        "path": "./icons/晕-yun.png",
      },
      "mods": {
        "ctrl": {
          "arg": "[晕]",
          "subtitle": "复制“[晕]”到剪切板中",
        },
      },
      "subtitle": "粘贴“[晕]”到当前应用中",
      "title": "晕",
      "uid": "晕",
    },
    {
      "arg": "[月亮]",
      "icon": {
        "path": "./icons/月亮-yl.png",
      },
      "mods": {
        "ctrl": {
          "arg": "[月亮]",
          "subtitle": "复制“[月亮]”到剪切板中",
        },
      },
      "subtitle": "粘贴“[月亮]”到当前应用中",
      "title": "月亮",
      "uid": "月亮",
    },
    {
      "arg": "[机智]",
      "icon": {
        "path": "./icons/机智-jz.png",
      },
      "mods": {
        "ctrl": {
          "arg": "[机智]",
          "subtitle": "复制“[机智]”到剪切板中",
        },
      },
      "subtitle": "粘贴“[机智]”到当前应用中",
      "title": "机智",
      "uid": "机智",
    },
    {
      "arg": "[汗]",
      "icon": {
        "path": "./icons/汗-han.png",
      },
      "mods": {
        "ctrl": {
          "arg": "[汗]",
          "subtitle": "复制“[汗]”到剪切板中",
        },
      },
      "subtitle": "粘贴“[汗]”到当前应用中",
      "title": "汗",
      "uid": "汗",
    },
    {
      "arg": "[流泪]",
      "icon": {
        "path": "./icons/流泪-ll.png",
      },
      "mods": {
        "ctrl": {
          "arg": "[流泪]",
          "subtitle": "复制“[流泪]”到剪切板中",
        },
      },
      "subtitle": "粘贴“[流泪]”到当前应用中",
      "title": "流泪",
      "uid": "流泪",
    },
    {
      "arg": "[炸弹]",
      "icon": {
        "path": "./icons/炸弹-zd.png",
      },
      "mods": {
        "ctrl": {
          "arg": "[炸弹]",
          "subtitle": "复制“[炸弹]”到剪切板中",
        },
      },
      "subtitle": "粘贴“[炸弹]”到当前应用中",
      "title": "炸弹",
      "uid": "炸弹",
    },
    {
      "arg": "[爱心]",
      "icon": {
        "path": "./icons/爱心-ax.png",
      },
      "mods": {
        "ctrl": {
          "arg": "[爱心]",
          "subtitle": "复制“[爱心]”到剪切板中",
        },
      },
      "subtitle": "粘贴“[爱心]”到当前应用中",
      "title": "爱心",
      "uid": "爱心",
    },
    {
      "arg": "[猪头]",
      "icon": {
        "path": "./icons/猪头-zt.png",
      },
      "mods": {
        "ctrl": {
          "arg": "[猪头]",
          "subtitle": "复制“[猪头]”到剪切板中",
        },
      },
      "subtitle": "粘贴“[猪头]”到当前应用中",
      "title": "猪头",
      "uid": "猪头",
    },
    {
      "arg": "[玫瑰]",
      "icon": {
        "path": "./icons/玫瑰-mg.png",
      },
      "mods": {
        "ctrl": {
          "arg": "[玫瑰]",
          "subtitle": "复制“[玫瑰]”到剪切板中",
        },
      },
      "subtitle": "粘贴“[玫瑰]”到当前应用中",
      "title": "玫瑰",
      "uid": "玫瑰",
    },
    {
      "arg": "[疑问]",
      "icon": {
        "path": "./icons/疑问-yw.png",
      },
      "mods": {
        "ctrl": {
          "arg": "[疑问]",
          "subtitle": "复制“[疑问]”到剪切板中",
        },
      },
      "subtitle": "粘贴“[疑问]”到当前应用中",
      "title": "疑问",
      "uid": "疑问",
    },
    {
      "arg": "[發]",
      "icon": {
        "path": "./icons/發-fa.png",
      },
      "mods": {
        "ctrl": {
          "arg": "[發]",
          "subtitle": "复制“[發]”到剪切板中",
        },
      },
      "subtitle": "粘贴“[發]”到当前应用中",
      "title": "發",
      "uid": "發",
    },
    {
      "arg": "[白眼]",
      "icon": {
        "path": "./icons/白眼-by.png",
      },
      "mods": {
        "ctrl": {
          "arg": "[白眼]",
          "subtitle": "复制“[白眼]”到剪切板中",
        },
      },
      "subtitle": "粘贴“[白眼]”到当前应用中",
      "title": "白眼",
      "uid": "白眼",
    },
    {
      "arg": "[皱眉]",
      "icon": {
        "path": "./icons/皱眉-zm.png",
      },
      "mods": {
        "ctrl": {
          "arg": "[皱眉]",
          "subtitle": "复制“[皱眉]”到剪切板中",
        },
      },
      "subtitle": "粘贴“[皱眉]”到当前应用中",
      "title": "皱眉",
      "uid": "皱眉",
    },
    {
      "arg": "[睡]",
      "icon": {
        "path": "./icons/睡-shui.png",
      },
      "mods": {
        "ctrl": {
          "arg": "[睡]",
          "subtitle": "复制“[睡]”到剪切板中",
        },
      },
      "subtitle": "粘贴“[睡]”到当前应用中",
      "title": "睡",
      "uid": "睡",
    },
    {
      "arg": "[礼物]",
      "icon": {
        "path": "./icons/礼物-lw.png",
      },
      "mods": {
        "ctrl": {
          "arg": "[礼物]",
          "subtitle": "复制“[礼物]”到剪切板中",
        },
      },
      "subtitle": "粘贴“[礼物]”到当前应用中",
      "title": "礼物",
      "uid": "礼物",
    },
    {
      "arg": "[社会社会]",
      "icon": {
        "path": "./icons/社会社会-shsh.png",
      },
      "mods": {
        "ctrl": {
          "arg": "[社会社会]",
          "subtitle": "复制“[社会社会]”到剪切板中",
        },
      },
      "subtitle": "粘贴“[社会社会]”到当前应用中",
      "title": "社会社会",
      "uid": "社会社会",
    },
    {
      "arg": "[福]",
      "icon": {
        "path": "./icons/福-fu.png",
      },
      "mods": {
        "ctrl": {
          "arg": "[福]",
          "subtitle": "复制“[福]”到剪切板中",
        },
      },
      "subtitle": "粘贴“[福]”到当前应用中",
      "title": "福",
      "uid": "福",
    },
    {
      "arg": "[红包]",
      "icon": {
        "path": "./icons/红包-hb.png",
      },
      "mods": {
        "ctrl": {
          "arg": "[红包]",
          "subtitle": "复制“[红包]”到剪切板中",
        },
      },
      "subtitle": "粘贴“[红包]”到当前应用中",
      "title": "红包",
      "uid": "红包",
    },
    {
      "arg": "[胜利]",
      "icon": {
        "path": "./icons/胜利-sl.png",
      },
      "mods": {
        "ctrl": {
          "arg": "[胜利]",
          "subtitle": "复制“[胜利]”到剪切板中",
        },
      },
      "subtitle": "粘贴“[胜利]”到当前应用中",
      "title": "胜利",
      "uid": "胜利",
    },
    {
      "arg": "[色]",
      "icon": {
        "path": "./icons/色-se.png",
      },
      "mods": {
        "ctrl": {
          "arg": "[色]",
          "subtitle": "复制“[色]”到剪切板中",
        },
      },
      "subtitle": "粘贴“[色]”到当前应用中",
      "title": "色",
      "uid": "色",
    },
    {
      "arg": "[菜刀]",
      "icon": {
        "path": "./icons/菜刀-cd.png",
      },
      "mods": {
        "ctrl": {
          "arg": "[菜刀]",
          "subtitle": "复制“[菜刀]”到剪切板中",
        },
      },
      "subtitle": "粘贴“[菜刀]”到当前应用中",
      "title": "菜刀",
      "uid": "菜刀",
    },
    {
      "arg": "[蛋糕]",
      "icon": {
        "path": "./icons/蛋糕-dg.png",
      },
      "mods": {
        "ctrl": {
          "arg": "[蛋糕]",
          "subtitle": "复制“[蛋糕]”到剪切板中",
        },
      },
      "subtitle": "粘贴“[蛋糕]”到当前应用中",
      "title": "蛋糕",
      "uid": "蛋糕",
    },
    {
      "arg": "[衰]",
      "icon": {
        "path": "./icons/衰-shuai.png",
      },
      "mods": {
        "ctrl": {
          "arg": "[衰]",
          "subtitle": "复制“[衰]”到剪切板中",
        },
      },
      "subtitle": "粘贴“[衰]”到当前应用中",
      "title": "衰",
      "uid": "衰",
    },
    {
      "arg": "[调皮]",
      "icon": {
        "path": "./icons/调皮-tp.png",
      },
      "mods": {
        "ctrl": {
          "arg": "[调皮]",
          "subtitle": "复制“[调皮]”到剪切板中",
        },
      },
      "subtitle": "粘贴“[调皮]”到当前应用中",
      "title": "调皮",
      "uid": "调皮",
    },
    {
      "arg": "[跳跳]",
      "icon": {
        "path": "./icons/跳跳-tt.png",
      },
      "mods": {
        "ctrl": {
          "arg": "[跳跳]",
          "subtitle": "复制“[跳跳]”到剪切板中",
        },
      },
      "subtitle": "粘贴“[跳跳]”到当前应用中",
      "title": "跳跳",
      "uid": "跳跳",
    },
    {
      "arg": "[转圈]",
      "icon": {
        "path": "./icons/转圈-zq.png",
      },
      "mods": {
        "ctrl": {
          "arg": "[转圈]",
          "subtitle": "复制“[转圈]”到剪切板中",
        },
      },
      "subtitle": "粘贴“[转圈]”到当前应用中",
      "title": "转圈",
      "uid": "转圈",
    },
    {
      "arg": "[鄙视]",
      "icon": {
        "path": "./icons/鄙视-bs.png",
      },
      "mods": {
        "ctrl": {
          "arg": "[鄙视]",
          "subtitle": "复制“[鄙视]”到剪切板中",
        },
      },
      "subtitle": "粘贴“[鄙视]”到当前应用中",
      "title": "鄙视",
      "uid": "鄙视",
    },
    {
      "arg": "[闭嘴]",
      "icon": {
        "path": "./icons/闭嘴-bz.png",
      },
      "mods": {
        "ctrl": {
          "arg": "[闭嘴]",
          "subtitle": "复制“[闭嘴]”到剪切板中",
        },
      },
      "subtitle": "粘贴“[闭嘴]”到当前应用中",
      "title": "闭嘴",
      "uid": "闭嘴",
    },
    {
      "arg": "[阴险]",
      "icon": {
        "path": "./icons/阴险-yx.png",
      },
      "mods": {
        "ctrl": {
          "arg": "[阴险]",
          "subtitle": "复制“[阴险]”到剪切板中",
        },
      },
      "subtitle": "粘贴“[阴险]”到当前应用中",
      "title": "阴险",
      "uid": "阴险",
    },
    {
      "arg": "[难过]",
      "icon": {
        "path": "./icons/难过-ng.png",
      },
      "mods": {
        "ctrl": {
          "arg": "[难过]",
          "subtitle": "复制“[难过]”到剪切板中",
        },
      },
      "subtitle": "粘贴“[难过]”到当前应用中",
      "title": "难过",
      "uid": "难过",
    },
    {
      "arg": "[骷髅]",
      "icon": {
        "path": "./icons/骷髅-kl.png",
      },
      "mods": {
        "ctrl": {
          "arg": "[骷髅]",
          "subtitle": "复制“[骷髅]”到剪切板中",
        },
      },
      "subtitle": "粘贴“[骷髅]”到当前应用中",
      "title": "骷髅",
      "uid": "骷髅",
    },
    {
      "arg": "[鼓掌]",
      "icon": {
        "path": "./icons/鼓掌-gz.png",
      },
      "mods": {
        "ctrl": {
          "arg": "[鼓掌]",
          "subtitle": "复制“[鼓掌]”到剪切板中",
        },
      },
      "subtitle": "粘贴“[鼓掌]”到当前应用中",
      "title": "鼓掌",
      "uid": "鼓掌",
    },
  ],
}
`;

exports[`index entry > query with keyword 1`] = `
{
  "items": [
    {
      "arg": "[旺柴]",
      "icon": {
        "path": "./icons/旺柴-wc.png",
      },
      "mods": {
        "ctrl": {
          "arg": "[旺柴]",
          "subtitle": "复制“[旺柴]”到剪切板中",
        },
      },
      "subtitle": "粘贴“[旺柴]”到当前应用中",
      "title": "旺柴",
      "uid": "旺柴",
    },
  ],
}
`;
