// Vitest Snapshot v1

exports[`core test > parseData function is ok 1`] = `
[
  {
    "arg": "[旺柴]",
    "icon": {
      "path": "./icons/旺柴-wc.png",
    },
    "mods": {
      "ctrl": {
        "arg": "[旺柴]",
        "subtitle": "复制“[旺柴]”到剪切板中",
      },
    },
    "subtitle": "粘贴“[旺柴]”到当前应用中",
    "title": "旺柴",
    "uid": "旺柴",
  },
]
`;

exports[`core test > searchWithKeyword function is ok 1`] = `
[
  "旺柴-wc",
  "奸笑-jx",
  "社会社会-shsh",
  "呲牙-zy",
  "再见-zj",
  "皱眉-zm",
  "偷笑-tx",
  "坏笑-hx",
  "色-se",
  "憨笑-hx",
  "微笑-wx",
  "阴险-yx",
  "愉快-yk",
  "太阳-ty",
]
`;
